[component_container_mt-58] [INFO] [1728266615.764313190] [perception.traffic_light_recognition.camera6.traffic_light_node_container]: Found class: rclcpp_components::NodeFactoryTemplate<traffic_light::TrafficLightClassifierNodelet>
[component_container_mt-58] [INFO] [1728266615.764388502] [perception.traffic_light_recognition.camera6.traffic_light_node_container]: Instantiate class: rclcpp_components::NodeFactoryTemplate<traffic_light::TrafficLightClassifierNodelet>
[INFO] [launch_ros.actions.load_composable_nodes]: Loaded node '/perception/traffic_light_recognition/camera6/detection/traffic_light_fine_detector' in container '/perception/traffic_light_recognition/camera6/traffic_light_node_container'
[component_container_mt-58] [I] [TRT] The logger passed into createInferBuilder differs from one already provided for an existing builder, runtime, or refitter. Uses of the global logger, returned by nvinfer1::getLogger(), will return the existing value.
[component_container_mt-58] [I] [TRT] [MemUsageChange] Init CUDA: CPU +0, GPU +0, now: CPU 149, GPU 2064 (MiB)
[gyro_odometer_node-39] [WARN] [1728266618.904129915] [localization.twist_estimator.gyro_odometer]: Twist msg is not subscribed
[component_container_mt-1] [WARN] [1728266619.038997436] [sensing.lidar.concatenate_data]: transformed_raw_points[/sensing/lidar/top/pointcloud_before_sync] is nullptr, skipping pointcloud publish.
[component_container_mt-58] [I] [TRT] [MemUsageChange] Init builder kernel library: CPU +1451, GPU +268, now: CPU 1600, GPU 2330 (MiB)
[component_container_mt-58] [I] [TRT] ----------------------------------------------------------------
[component_container_mt-58] [I] [TRT] Input filename:   /home/veqcc/autoware_data/traffic_light_classifier/ped_traffic_light_classifier_mobilenetv2_batch_4.onnx
[component_container_mt-58] [I] [TRT] ONNX IR version:  0.0.9
[component_container_mt-58] [I] [TRT] Opset version:    11
[component_container_mt-58] [I] [TRT] Producer name:    pytorch
[component_container_mt-58] [I] [TRT] Producer version: 1.13.1
[component_container_mt-58] [I] [TRT] Domain:           
[component_container_mt-58] [I] [TRT] Model version:    0
[component_container_mt-58] [I] [TRT] Doc string:       
[component_container_mt-58] [I] [TRT] ----------------------------------------------------------------
[component_container_mt-58] [I] [TRT] The logger passed into createInferRuntime differs from one already provided for an existing builder, runtime, or refitter. Uses of the global logger, returned by nvinfer1::getLogger(), will return the existing value.
[component_container_mt-58] [I] [TRT] The logger passed into createInferBuilder differs from one already provided for an existing builder, runtime, or refitter. Uses of the global logger, returned by nvinfer1::getLogger(), will return the existing value.
[component_container_mt-58] [I] [TRT] [MemUsageChange] Init CUDA: CPU +0, GPU +0, now: CPU 149, GPU 2062 (MiB)
[component_container_mt-75] [INFO] [1728266623.559464394] [control.trajectory_follower.controller_node_exe]: Waiting for steering data
[component_container_mt-75] [INFO] [1728266623.559534329] [control.trajectory_follower.controller_node_exe]: Control is skipped since input data is not ready.
[component_container_mt-69] [INFO] [1728266623.709845346] [planning.scenario_planning.lane_driving.behavior_planning.behavior_path_planner]: waiting for scenario_topic
[component_container_mt-75] [INFO] [1728266623.710667350] [control.autonomous_emergency_braking]: [AEB] waiting for ego velocity
[gyro_odometer_node-39] [WARN] [1728266623.935012056] [localization.twist_estimator.gyro_odometer]: Twist msg is not subscribed
[component_container_mt-58] [I] [TRT] [MemUsageChange] Init builder kernel library: CPU +1451, GPU +268, now: CPU 1600, GPU 2330 (MiB)
[component_container_mt-58] [I] [TRT] ----------------------------------------------------------------
[component_container_mt-58] [I] [TRT] Input filename:   /home/veqcc/autoware_data/traffic_light_classifier/ped_traffic_light_classifier_mobilenetv2_batch_4.onnx
[component_container_mt-58] [I] [TRT] ONNX IR version:  0.0.9
[component_container_mt-58] [I] [TRT] Opset version:    11
[component_container_mt-58] [I] [TRT] Producer name:    pytorch
[component_container_mt-58] [I] [TRT] Producer version: 1.13.1
[component_container_mt-58] [I] [TRT] Domain:           
[component_container_mt-58] [I] [TRT] Model version:    0
[component_container_mt-58] [I] [TRT] Doc string:       
[component_container_mt-58] [I] [TRT] ----------------------------------------------------------------
[component_container_mt-58] L0 [conv 3x3 (1) /2] 224x224x3 -> 112x112x32 weights:864 GFLOPs:0.021676
[component_container_mt-58] L2 [conv 3x3 (32) /1] 112x112x32 -> 112x112x32 weights:288 GFLOPs:0.00722534
[component_container_mt-58] L4 [conv 1x1 (1) /1] 112x112x32 -> 112x112x16 weights:512 GFLOPs:0.0128451
[component_container_mt-58] L5 [conv 1x1 (1) /1] 112x112x16 -> 112x112x96 weights:1536 GFLOPs:0.0385352
[component_container_mt-58] L7 [conv 3x3 (96) /2] 112x112x96 -> 56x56x96 weights:864 GFLOPs:0.00541901
[component_container_mt-58] L9 [conv 1x1 (1) /1] 56x56x96 -> 56x56x24 weights:2304 GFLOPs:0.0144507
[component_container_mt-58] L10 [conv 1x1 (1) /1] 56x56x24 -> 56x56x144 weights:3456 GFLOPs:0.021676
[component_container_mt-58] L12 [conv 3x3 (144) /1] 56x56x144 -> 56x56x144 weights:1296 GFLOPs:0.00812851
[component_container_mt-58] L14 [conv 1x1 (1) /1] 56x56x144 -> 56x56x24 weights:3456 GFLOPs:0.021676
[component_container_mt-58] L16 [conv 1x1 (1) /1] 56x56x24 -> 56x56x144 weights:3456 GFLOPs:0.021676
[component_container_mt-58] L18 [conv 3x3 (144) /2] 56x56x144 -> 28x28x144 weights:1296 GFLOPs:0.00203213
[component_container_mt-58] L20 [conv 1x1 (1) /1] 28x28x144 -> 28x28x32 weights:4608 GFLOPs:0.00722534
[component_container_mt-58] L21 [conv 1x1 (1) /1] 28x28x32 -> 28x28x192 weights:6144 GFLOPs:0.00963379
[component_container_mt-58] L23 [conv 3x3 (192) /1] 28x28x192 -> 28x28x192 weights:1728 GFLOPs:0.0027095
[component_container_mt-58] L25 [conv 1x1 (1) /1] 28x28x192 -> 28x28x32 weights:6144 GFLOPs:0.00963379
[component_container_mt-58] L27 [conv 1x1 (1) /1] 28x28x32 -> 28x28x192 weights:6144 GFLOPs:0.00963379
[component_container_mt-58] L29 [conv 3x3 (192) /1] 28x28x192 -> 28x28x192 weights:1728 GFLOPs:0.0027095
[component_container_mt-58] L31 [conv 1x1 (1) /1] 28x28x192 -> 28x28x32 weights:6144 GFLOPs:0.00963379
[component_container_mt-58] L33 [conv 1x1 (1) /1] 28x28x32 -> 28x28x192 weights:6144 GFLOPs:0.00963379
[component_container_mt-58] L35 [conv 3x3 (192) /2] 28x28x192 -> 14x14x192 weights:1728 GFLOPs:0.000677376
[component_container_mt-58] L37 [conv 1x1 (1) /1] 14x14x192 -> 14x14x64 weights:12288 GFLOPs:0.0048169
[component_container_mt-58] L38 [conv 1x1 (1) /1] 14x14x64 -> 14x14x384 weights:24576 GFLOPs:0.00963379
[component_container_mt-58] L40 [conv 3x3 (384) /1] 14x14x384 -> 14x14x384 weights:3456 GFLOPs:0.00135475
[component_container_mt-58] L42 [conv 1x1 (1) /1] 14x14x384 -> 14x14x64 weights:24576 GFLOPs:0.00963379
[component_container_mt-58] L44 [conv 1x1 (1) /1] 14x14x64 -> 14x14x384 weights:24576 GFLOPs:0.00963379
[component_container_mt-58] L46 [conv 3x3 (384) /1] 14x14x384 -> 14x14x384 weights:3456 GFLOPs:0.00135475
[component_container_mt-58] L48 [conv 1x1 (1) /1] 14x14x384 -> 14x14x64 weights:24576 GFLOPs:0.00963379
[component_container_mt-58] L50 [conv 1x1 (1) /1] 14x14x64 -> 14x14x384 weights:24576 GFLOPs:0.00963379
[component_container_mt-58] L52 [conv 3x3 (384) /1] 14x14x384 -> 14x14x384 weights:3456 GFLOPs:0.00135475
[component_container_mt-58] L54 [conv 1x1 (1) /1] 14x14x384 -> 14x14x64 weights:24576 GFLOPs:0.00963379
[component_container_mt-58] L56 [conv 1x1 (1) /1] 14x14x64 -> 14x14x384 weights:24576 GFLOPs:0.00963379
[component_container_mt-58] L58 [conv 3x3 (384) /1] 14x14x384 -> 14x14x384 weights:3456 GFLOPs:0.00135475
[component_container_mt-58] L60 [conv 1x1 (1) /1] 14x14x384 -> 14x14x96 weights:36864 GFLOPs:0.0144507
[component_container_mt-58] L61 [conv 1x1 (1) /1] 14x14x96 -> 14x14x576 weights:55296 GFLOPs:0.021676
[component_container_mt-58] L63 [conv 3x3 (576) /1] 14x14x576 -> 14x14x576 weights:5184 GFLOPs:0.00203213
[component_container_mt-58] L65 [conv 1x1 (1) /1] 14x14x576 -> 14x14x96 weights:55296 GFLOPs:0.021676
[component_container_mt-58] L67 [conv 1x1 (1) /1] 14x14x96 -> 14x14x576 weights:55296 GFLOPs:0.021676
[component_container_mt-58] L69 [conv 3x3 (576) /1] 14x14x576 -> 14x14x576 weights:5184 GFLOPs:0.00203213
[component_container_mt-58] L71 [conv 1x1 (1) /1] 14x14x576 -> 14x14x96 weights:55296 GFLOPs:0.021676
[component_container_mt-58] L73 [conv 1x1 (1) /1] 14x14x96 -> 14x14x576 weights:55296 GFLOPs:0.021676
[component_container_mt-58] L75 [conv 3x3 (576) /2] 14x14x576 -> 7x7x576 weights:5184 GFLOPs:0.000508032
[component_container_mt-58] L77 [conv 1x1 (1) /1] 7x7x576 -> 7x7x160 weights:92160 GFLOPs:0.00903168
[component_container_mt-58] L78 [conv 1x1 (1) /1] 7x7x160 -> 7x7x960 weights:153600 GFLOPs:0.0150528
[component_container_mt-58] L80 [conv 3x3 (960) /1] 7x7x960 -> 7x7x960 weights:8640 GFLOPs:0.00084672
[component_container_mt-58] L82 [conv 1x1 (1) /1] 7x7x960 -> 7x7x160 weights:153600 GFLOPs:0.0150528
[component_container_mt-58] L84 [conv 1x1 (1) /1] 7x7x160 -> 7x7x960 weights:153600 GFLOPs:0.0150528
[component_container_mt-58] L86 [conv 3x3 (960) /1] 7x7x960 -> 7x7x960 weights:8640 GFLOPs:0.00084672
[component_container_mt-58] L88 [conv 1x1 (1) /1] 7x7x960 -> 7x7x160 weights:153600 GFLOPs:0.0150528
[component_container_mt-58] L90 [conv 1x1 (1) /1] 7x7x160 -> 7x7x960 weights:153600 GFLOPs:0.0150528
[component_container_mt-58] L92 [conv 3x3 (960) /1] 7x7x960 -> 7x7x960 weights:8640 GFLOPs:0.00084672
[component_container_mt-58] L94 [conv 1x1 (1) /1] 7x7x960 -> 7x7x320 weights:307200 GFLOPs:0.0301056
[component_container_mt-58] L95 [conv 1x1 (1) /1] 7x7x320 -> 7x7x1280 weights:409600 GFLOPs:0.0401408
[component_container_mt-58] Total 0.598989 GFLOPs
[component_container_mt-58] Total 2.18976 M params
[component_container_mt-58] Loading... "/home/veqcc/autoware_data/traffic_light_classifier/ped_traffic_light_classifier_mobilenetv2_batch_4.fp16-batch4.engine"
[component_container_mt-58] [I] [TRT] Loaded engine size: 6 MiB
[component_container_mt-58] [W] [TRT] Using an engine plan file across different models of devices is not recommended and is likely to affect performance or even cause errors.
[component_container_mt-58] [I] [TRT] [MemUsageChange] TensorRT-managed allocation in engine deserialization: CPU +0, GPU +5, now: CPU 1, GPU 80 (MiB)
[component_container_mt-58] [I] [TRT] [MemUsageChange] TensorRT-managed allocation in IExecutionContext creation: CPU +0, GPU +13, now: CPU 1, GPU 93 (MiB)
[INFO] [launch_ros.actions.load_composable_nodes]: Loaded node '/perception/traffic_light_recognition/camera6/classification/pedestrian_traffic_light_classifier' in container '/perception/traffic_light_recognition/camera6/traffic_light_node_container'
[component_container_mt-58] [I] [TRT] The logger passed into createInferRuntime differs from one already provided for an existing builder, runtime, or refitter. Uses of the global logger, returned by nvinfer1::getLogger(), will return the existing value.
[component_container_mt-58] [I] [TRT] The profiling verbosity was set to ProfilingVerbosity::kLAYER_NAMES_ONLY when the engine was built, so only the layer names will be returned. Rebuild the engine with ProfilingVerbosity::kDETAILED to get more verbose layer information.
[component_container_mt-58] [INFO] [1728266627.940844648] [perception.traffic_light_recognition.camera6.traffic_light_node_container]: Load Library: /home/veqcc/work/autoware_tmp-agnocast/install/traffic_light_visualization/lib/libtraffic_light_roi_visualizer_nodelet.so
[component_container_mt-58] [INFO] [1728266627.944305167] [perception.traffic_light_recognition.camera6.traffic_light_node_container]: Found class: rclcpp_components::NodeFactoryTemplate<traffic_light::TrafficLightRoiVisualizerNodelet>
[component_container_mt-58] [INFO] [1728266627.944334477] [perception.traffic_light_recognition.camera6.traffic_light_node_container]: Instantiate class: rclcpp_components::NodeFactoryTemplate<traffic_light::TrafficLightRoiVisualizerNodelet>
[INFO] [launch_ros.actions.load_composable_nodes]: Loaded node '/perception/traffic_light_recognition/camera6/traffic_light_roi_visualizer' in container '/perception/traffic_light_recognition/camera6/traffic_light_node_container'
[gyro_odometer_node-39] [WARN] [1728266628.966319512] [localization.twist_estimator.gyro_odometer]: Twist msg is not subscribed
[topic_state_monitor_node-14] [INFO] [1728266629.244674364] [system.topic_state_monitor_scenario_planning_trajectory]: /planning/scenario_planning/trajectory has not received. Set ERROR in diagnostics.
[topic_state_monitor_node-16] [INFO] [1728266629.245710360] [system.topic_state_monitor_control_command_control_cmd]: /control/command/control_cmd has not received. Set ERROR in diagnostics.
[topic_state_monitor_node-18] [INFO] [1728266629.246039125] [system.topic_state_monitor_vehicle_status_steering_status]: /vehicle/status/steering_status has not received. Set ERROR in diagnostics.
[topic_state_monitor_node-17] [INFO] [1728266629.246151222] [system.topic_state_monitor_vehicle_status_velocity_status]: /vehicle/status/velocity_status has not received. Set ERROR in diagnostics.
[topic_state_monitor_node-13] [INFO] [1728266629.246581663] [system.topic_state_monitor_mission_planning_route]: /planning/mission_planning/route has not received. Set ERROR in diagnostics.
[topic_state_monitor_node-15] [INFO] [1728266629.246943864] [system.topic_state_monitor_trajectory_follower_control_cmd]: /control/trajectory_follower/control_cmd has not received. Set ERROR in diagnostics.
[topic_state_monitor_node-12] [INFO] [1728266629.247721934] [system.topic_state_monitor_traffic_light_recognition_traffic_signals]: /perception/traffic_light_recognition/traffic_signals has not received. Set ERROR in diagnostics.
[autoware_scenario_selector_node-66] [INFO] [1728266632.747781929] [planning.scenario_planning.scenario_selector]: Waiting for route.
[component_container_mt-75] [INFO] [1728266632.749444878] [control.trajectory_follower.lane_departure_checker_node]: waiting for route msg...
[gyro_odometer_node-39] [WARN] [1728266634.087921462] [localization.twist_estimator.gyro_odometer]: Twist msg is not subscribed
[component_container_mt-1] [WARN] [1728266634.170377470] [sensing.lidar.concatenate_data]: transformed_raw_points[/sensing/lidar/top/pointcloud_before_sync] is nullptr, skipping pointcloud publish.
[gyro_odometer_node-39] [WARN] [1728266639.141651994] [localization.twist_estimator.gyro_odometer]: Twist msg is not subscribed
[gyro_odometer_node-39] [WARN] [1728266644.322743356] [localization.twist_estimator.gyro_odometer]: Twist msg is not subscribed
[topic_state_monitor_node-15] [INFO] [1728266644.727846341] [system.topic_state_monitor_trajectory_follower_control_cmd]: /control/trajectory_follower/control_cmd has not received. Set ERROR in diagnostics.
[topic_state_monitor_node-18] [INFO] [1728266644.728359467] [system.topic_state_monitor_vehicle_status_steering_status]: /vehicle/status/steering_status has not received. Set ERROR in diagnostics.
[topic_state_monitor_node-13] [INFO] [1728266644.728449063] [system.topic_state_monitor_mission_planning_route]: /planning/mission_planning/route has not received. Set ERROR in diagnostics.
[topic_state_monitor_node-17] [INFO] [1728266644.728726096] [system.topic_state_monitor_vehicle_status_velocity_status]: /vehicle/status/velocity_status has not received. Set ERROR in diagnostics.
[topic_state_monitor_node-12] [INFO] [1728266644.728817575] [system.topic_state_monitor_traffic_light_recognition_traffic_signals]: /perception/traffic_light_recognition/traffic_signals has not received. Set ERROR in diagnostics.
[topic_state_monitor_node-14] [INFO] [1728266644.729026391] [system.topic_state_monitor_scenario_planning_trajectory]: /planning/scenario_planning/trajectory has not received. Set ERROR in diagnostics.
[topic_state_monitor_node-16] [INFO] [1728266644.731758057] [system.topic_state_monitor_control_command_control_cmd]: /control/command/control_cmd has not received. Set ERROR in diagnostics.
[component_container_mt-1] [WARN] [1728266647.072780502] [sensing.lidar.concatenate_data]: transformed_raw_points[/sensing/lidar/top/pointcloud_before_sync] is nullptr, skipping pointcloud publish.
[component_container_mt-75] [INFO] [1728266648.591043489] [control.trajectory_follower.controller_node_exe]: Waiting for steering data
[component_container_mt-75] [INFO] [1728266648.591096285] [control.trajectory_follower.controller_node_exe]: Control is skipped since input data is not ready.
[component_container-32] [WARN] [1728266648.646576274] [sensing.lidar.right.distortion_corrector_node]: input_pointcloud->points or twist_queue_ is empty.
[component_container_mt-75] [INFO] [1728266648.740752269] [control.autonomous_emergency_braking]: [AEB] waiting for ego velocity
[component_container_mt-69] [INFO] [1728266648.741813994] [planning.scenario_planning.lane_driving.behavior_planning.behavior_path_planner]: waiting for scenario_topic
[component_container_mt-30] [WARN] [1728266649.198478239] [sensing.lidar.top.distortion_corrector_node]: input_pointcloud->points or twist_queue_ is empty.
[component_container-31] [WARN] [1728266649.200888377] [sensing.lidar.left.distortion_corrector_node]: input_pointcloud->points or twist_queue_ is empty.
[gyro_odometer_node-39] [WARN] [1728266649.451381817] [localization.twist_estimator.gyro_odometer]: Twist msg is not subscribed
[component_container_mt-1] [WARN] [1728266649.704454140] [sensing.lidar.concatenate_data]: No twist is available. Please confirm twist topic and timestamp
[component_container_mt-1] [WARN] [1728266649.705015414] [sensing.lidar.concatenate_data]: transformed_raw_points[/sensing/lidar/top/pointcloud_before_sync] is nullptr, skipping pointcloud publish.
[rviz2-82] [INFO] [1728266650.214430138] [rviz2]: Message Filter dropping message: frame 'base_link' at time 1585897255.687 for reason 'the timestamp on the message is earlier than all the data in the transform cache'
[rviz2-82] [INFO] [1728266650.729184458] [rviz2]: Message Filter dropping message: frame 'base_link' at time 1585897255.787 for reason 'the timestamp on the message is earlier than all the data in the transform cache'
[rviz2-82] [INFO] [1728266652.652900644] [rviz2]: Message Filter dropping message: frame 'base_link' at time 1585897256.186 for reason 'the timestamp on the message is earlier than all the data in the transform cache'
[rviz2-82] [INFO] [1728266653.159913686] [rviz2]: Message Filter dropping message: frame 'base_link' at time 1585897256.287 for reason 'the timestamp on the message is earlier than all the data in the transform cache'
[rviz2-82] [INFO] [1728266653.721513352] [rviz2]: Message Filter dropping message: frame 'base_link' at time 1585897256.386 for reason 'the timestamp on the message is earlier than all the data in the transform cache'
[rviz2-82] [INFO] [1728266654.227138346] [rviz2]: Message Filter dropping message: frame 'base_link' at time 1585897256.486 for reason 'the timestamp on the message is earlier than all the data in the transform cache'
[gyro_odometer_node-39] [WARN] [1728266654.611776965] [localization.twist_estimator.gyro_odometer]: Twist msg is not subscribed
[rviz2-82] [INFO] [1728266655.342736122] [rviz2]: Message Filter dropping message: frame 'base_link' at time 1585897256.710 for reason 'the timestamp on the message is earlier than all the data in the transform cache'
[rviz2-82] [INFO] [1728266655.853036717] [rviz2]: Message Filter dropping message: frame 'base_link' at time 1585897256.810 for reason 'the timestamp on the message is earlier than all the data in the transform cache'
[rviz2-82] [INFO] [1728266656.358503165] [rviz2]: Message Filter dropping message: frame 'base_link' at time 1585897256.909 for reason 'the timestamp on the message is earlier than all the data in the transform cache'
[autoware_scenario_selector_node-66] [INFO] [1728266658.230811557] [planning.scenario_planning.scenario_selector]: Waiting for route.
[component_container_mt-75] [INFO] [1728266658.231809491] [control.trajectory_follower.lane_departure_checker_node]: waiting for route msg...
[gyro_odometer_node-39] [WARN] [1728266659.611930003] [localization.twist_estimator.gyro_odometer]: Twist msg is not subscribed
[topic_state_monitor_node-12] [INFO] [1728266659.748965957] [system.topic_state_monitor_traffic_light_recognition_traffic_signals]: /perception/traffic_light_recognition/traffic_signals has not received. Set ERROR in diagnostics.
[topic_state_monitor_node-13] [INFO] [1728266659.749616148] [system.topic_state_monitor_mission_planning_route]: /planning/mission_planning/route has not received. Set ERROR in diagnostics.
[topic_state_monitor_node-17] [INFO] [1728266659.749858623] [system.topic_state_monitor_vehicle_status_velocity_status]: /vehicle/status/velocity_status has not received. Set ERROR in diagnostics.
[topic_state_monitor_node-15] [INFO] [1728266659.750040181] [system.topic_state_monitor_trajectory_follower_control_cmd]: /control/trajectory_follower/control_cmd has not received. Set ERROR in diagnostics.
[topic_state_monitor_node-18] [INFO] [1728266659.750580549] [system.topic_state_monitor_vehicle_status_steering_status]: /vehicle/status/steering_status has not received. Set ERROR in diagnostics.
[topic_state_monitor_node-16] [INFO] [1728266659.751147678] [system.topic_state_monitor_control_command_control_cmd]: /control/command/control_cmd has not received. Set ERROR in diagnostics.
[topic_state_monitor_node-14] [INFO] [1728266659.751903584] [system.topic_state_monitor_scenario_planning_trajectory]: /planning/scenario_planning/trajectory has not received. Set ERROR in diagnostics.
[component_container_mt-1] [WARN] [1728266661.172349242] [sensing.lidar.concatenate_data]: transformed_raw_points[/sensing/lidar/top/pointcloud_before_sync] is nullptr, skipping pointcloud publish.
[gyro_odometer_node-39] [WARN] [1728266664.742653957] [localization.twist_estimator.gyro_odometer]: Twist msg is not subscribed
[gyro_odometer_node-39] [WARN] [1728266669.804287453] [localization.twist_estimator.gyro_odometer]: Twist msg is not subscribed
[component_container_mt-75] [INFO] [1728266673.660057708] [control.trajectory_follower.controller_node_exe]: Waiting for steering data
[component_container_mt-75] [INFO] [1728266673.660122374] [control.trajectory_follower.controller_node_exe]: Control is skipped since input data is not ready.
[component_container_mt-1] [WARN] [1728266674.068875010] [sensing.lidar.concatenate_data]: transformed_raw_points[/sensing/lidar/top/pointcloud_before_sync] is nullptr, skipping pointcloud publish.
[component_container_mt-75] [INFO] [1728266674.219443503] [control.autonomous_emergency_braking]: [AEB] waiting for ego velocity
[component_container_mt-69] [INFO] [1728266674.220387327] [planning.scenario_planning.lane_driving.behavior_planning.behavior_path_planner]: waiting for scenario_topic
[gyro_odometer_node-39] [WARN] [1728266674.902343665] [localization.twist_estimator.gyro_odometer]: Twist msg is not subscribed
[topic_state_monitor_node-13] [INFO] [1728266675.236262403] [system.topic_state_monitor_mission_planning_route]: /planning/mission_planning/route has not received. Set ERROR in diagnostics.
[topic_state_monitor_node-17] [INFO] [1728266675.236284076] [system.topic_state_monitor_vehicle_status_velocity_status]: /vehicle/status/velocity_status has not received. Set ERROR in diagnostics.
[topic_state_monitor_node-14] [INFO] [1728266675.236357794] [system.topic_state_monitor_scenario_planning_trajectory]: /planning/scenario_planning/trajectory has not received. Set ERROR in diagnostics.
[topic_state_monitor_node-15] [INFO] [1728266675.236861655] [system.topic_state_monitor_trajectory_follower_control_cmd]: /control/trajectory_follower/control_cmd has not received. Set ERROR in diagnostics.
[topic_state_monitor_node-16] [INFO] [1728266675.237021167] [system.topic_state_monitor_control_command_control_cmd]: /control/command/control_cmd has not received. Set ERROR in diagnostics.
[topic_state_monitor_node-18] [INFO] [1728266675.237053786] [system.topic_state_monitor_vehicle_status_steering_status]: /vehicle/status/steering_status has not received. Set ERROR in diagnostics.
[topic_state_monitor_node-12] [INFO] [1728266675.237652065] [system.topic_state_monitor_traffic_light_recognition_traffic_signals]: /perception/traffic_light_recognition/traffic_signals has not received. Set ERROR in diagnostics.
[component_container_mt-1] [WARN] [1728266677.776604001] [sensing.lidar.concatenate_data]: transformed_raw_points[/sensing/lidar/top/pointcloud_before_sync] is nullptr, skipping pointcloud publish.
[component_container_mt-1] [WARN] [1728266678.587248478] [sensing.lidar.concatenate_data]: transformed_raw_points[/sensing/lidar/top/pointcloud_before_sync] is nullptr, skipping pointcloud publish.
[component_container_mt-1] [INFO] [1728266679.600651918] [perception.object_recognition.detection.voxel_based_compare_map_filter]: Waiting for response...
[component_container_mt-1] 
[gyro_odometer_node-39] [WARN] [1728266679.961144927] [localization.twist_estimator.gyro_odometer]: Twist msg is not subscribed
[autoware_scenario_selector_node-66] [INFO] [1728266683.256287868] [planning.scenario_planning.scenario_selector]: Waiting for route.
[component_container_mt-75] [INFO] [1728266683.259902498] [control.trajectory_follower.lane_departure_checker_node]: waiting for route msg...
[gyro_odometer_node-39] [WARN] [1728266685.070673953] [localization.twist_estimator.gyro_odometer]: Twist msg is not subscribed
[component_container_mt-1] [WARN] [1728266688.084731511] [sensing.lidar.concatenate_data]: transformed_raw_points[/sensing/lidar/top/pointcloud_before_sync] is nullptr, skipping pointcloud publish.
[component_container_mt-1] [pcl::KdTreeFLANN::setInputCloud] Cannot create a KDTree with an empty input cloud!
[component_container_mt-1] [WARN] [1728266688.143884840] [perception.object_recognition.detection.clustering.euclidean_cluster]: Empty sensor points!
[component_container_mt-1] [pcl::KdTreeFLANN::setInputCloud] Cannot create a KDTree with an empty input cloud!
[obstacle_pointcloud_based_validator_node-50] [WARN] [1728266688.143936533] [perception.object_recognition.detection.obstacle_pointcloud_based_validator_node]: obstacle pointcloud is empty! Can not validate objects.
[component_container_mt-1] [INFO] [1728266689.403956563] [perception.object_recognition.detection.voxel_based_compare_map_filter]: Waiting for response...
[component_container_mt-1] 
[gyro_odometer_node-39] [WARN] [1728266690.128251511] [localization.twist_estimator.gyro_odometer]: Twist msg is not subscribed
[topic_state_monitor_node-14] [INFO] [1728266690.724657380] [system.topic_state_monitor_scenario_planning_trajectory]: /planning/scenario_planning/trajectory has not received. Set ERROR in diagnostics.
[topic_state_monitor_node-16] [INFO] [1728266690.724936684] [system.topic_state_monitor_control_command_control_cmd]: /control/command/control_cmd has not received. Set ERROR in diagnostics.
[topic_state_monitor_node-13] [INFO] [1728266690.726261085] [system.topic_state_monitor_mission_planning_route]: /planning/mission_planning/route has not received. Set ERROR in diagnostics.
[topic_state_monitor_node-12] [INFO] [1728266690.727481061] [system.topic_state_monitor_traffic_light_recognition_traffic_signals]: /perception/traffic_light_recognition/traffic_signals has not received. Set ERROR in diagnostics.
[topic_state_monitor_node-15] [INFO] [1728266690.728178955] [system.topic_state_monitor_trajectory_follower_control_cmd]: /control/trajectory_follower/control_cmd has not received. Set ERROR in diagnostics.
[topic_state_monitor_node-17] [INFO] [1728266690.729237574] [system.topic_state_monitor_vehicle_status_velocity_status]: /vehicle/status/velocity_status has not received. Set ERROR in diagnostics.
[topic_state_monitor_node-18] [INFO] [1728266690.729244403] [system.topic_state_monitor_vehicle_status_steering_status]: /vehicle/status/steering_status has not received. Set ERROR in diagnostics.
[gyro_odometer_node-39] [WARN] [1728266695.384894228] [localization.twist_estimator.gyro_odometer]: Twist msg is not subscribed
[component_container_mt-1] [INFO] [1728266698.081280556] [perception.object_recognition.detection.voxel_based_compare_map_filter]: Waiting for response...
[component_container_mt-1] 
[component_container_mt-75] [INFO] [1728266698.689094330] [control.trajectory_follower.controller_node_exe]: Waiting for steering data
[component_container_mt-75] [INFO] [1728266698.689298001] [control.trajectory_follower.controller_node_exe]: Control is skipped since input data is not ready.
[component_container-32] [WARN] [1728266699.143358008] [sensing.lidar.right.distortion_corrector_node]: input_pointcloud->points or twist_queue_ is empty.
[component_container_mt-75] [INFO] [1728266699.246671140] [control.autonomous_emergency_braking]: [AEB] waiting for ego velocity
[component_container_mt-69] [INFO] [1728266699.249272834] [planning.scenario_planning.lane_driving.behavior_planning.behavior_path_planner]: waiting for scenario_topic
[component_container_mt-30] [WARN] [1728266699.518614766] [sensing.lidar.top.distortion_corrector_node]: input_pointcloud->points or twist_queue_ is empty.
[component_container-31] [WARN] [1728266699.709776910] [sensing.lidar.left.distortion_corrector_node]: input_pointcloud->points or twist_queue_ is empty.
[gyro_odometer_node-39] [WARN] [1728266700.416273414] [localization.twist_estimator.gyro_odometer]: Twist msg is not subscribed
[component_container_mt-1] [WARN] [1728266700.560391122] [sensing.lidar.concatenate_data]: No twist is available. Please confirm twist topic and timestamp
[component_container_mt-1] [INFO] [1728266705.292038355] [perception.object_recognition.detection.voxel_based_compare_map_filter]: Waiting for response...
[component_container_mt-1] 
[gyro_odometer_node-39] [WARN] [1728266705.542705692] [localization.twist_estimator.gyro_odometer]: Twist msg is not subscribed
[topic_state_monitor_node-12] [INFO] [1728266705.752366756] [system.topic_state_monitor_traffic_light_recognition_traffic_signals]: /perception/traffic_light_recognition/traffic_signals has not received. Set ERROR in diagnostics.
[topic_state_monitor_node-16] [INFO] [1728266705.752794694] [system.topic_state_monitor_control_command_control_cmd]: /control/command/control_cmd has not received. Set ERROR in diagnostics.
[topic_state_monitor_node-15] [INFO] [1728266705.753568341] [system.topic_state_monitor_trajectory_follower_control_cmd]: /control/trajectory_follower/control_cmd has not received. Set ERROR in diagnostics.
[topic_state_monitor_node-18] [INFO] [1728266705.753968063] [system.topic_state_monitor_vehicle_status_steering_status]: /vehicle/status/steering_status has not received. Set ERROR in diagnostics.
[topic_state_monitor_node-17] [INFO] [1728266705.754069006] [system.topic_state_monitor_vehicle_status_velocity_status]: /vehicle/status/velocity_status has not received. Set ERROR in diagnostics.
[topic_state_monitor_node-13] [INFO] [1728266705.754090550] [system.topic_state_monitor_mission_planning_route]: /planning/mission_planning/route has not received. Set ERROR in diagnostics.
[topic_state_monitor_node-14] [INFO] [1728266705.754817988] [system.topic_state_monitor_scenario_planning_trajectory]: /planning/scenario_planning/trajectory has not received. Set ERROR in diagnostics.
[component_container_mt-75] [INFO] [1728266708.745893917] [control.trajectory_follower.lane_departure_checker_node]: waiting for route msg...
[autoware_scenario_selector_node-66] [INFO] [1728266708.746074641] [planning.scenario_planning.scenario_selector]: Waiting for route.
[gyro_odometer_node-39] [WARN] [1728266710.601008382] [localization.twist_estimator.gyro_odometer]: Twist msg is not subscribed
[component_container_mt-1] [INFO] [1728266711.687466594] [perception.object_recognition.detection.voxel_based_compare_map_filter]: Waiting for response...
[component_container_mt-1] 
[gyro_odometer_node-39] [WARN] [1728266715.608372537] [localization.twist_estimator.gyro_odometer]: Twist msg is not subscribed
[component_container_mt-1] [INFO] [1728266717.076568629] [perception.object_recognition.detection.voxel_based_compare_map_filter]: Waiting for response...
[component_container_mt-1] 
[gyro_odometer_node-39] [WARN] [1728266720.689495959] [localization.twist_estimator.gyro_odometer]: Twist msg is not subscribed
[topic_state_monitor_node-14] [INFO] [1728266721.239837298] [system.topic_state_monitor_scenario_planning_trajectory]: /planning/scenario_planning/trajectory has not received. Set ERROR in diagnostics.
[topic_state_monitor_node-13] [INFO] [1728266721.240757023] [system.topic_state_monitor_mission_planning_route]: /planning/mission_planning/route has not received. Set ERROR in diagnostics.
[topic_state_monitor_node-18] [INFO] [1728266721.240966316] [system.topic_state_monitor_vehicle_status_steering_status]: /vehicle/status/steering_status has not received. Set ERROR in diagnostics.
[topic_state_monitor_node-17] [INFO] [1728266721.241098626] [system.topic_state_monitor_vehicle_status_velocity_status]: /vehicle/status/velocity_status has not received. Set ERROR in diagnostics.
[topic_state_monitor_node-12] [INFO] [1728266721.242039512] [system.topic_state_monitor_traffic_light_recognition_traffic_signals]: /perception/traffic_light_recognition/traffic_signals has not received. Set ERROR in diagnostics.
[topic_state_monitor_node-15] [INFO] [1728266721.242847555] [system.topic_state_monitor_trajectory_follower_control_cmd]: /control/trajectory_follower/control_cmd has not received. Set ERROR in diagnostics.
[topic_state_monitor_node-16] [INFO] [1728266721.244186760] [system.topic_state_monitor_control_command_control_cmd]: /control/command/control_cmd has not received. Set ERROR in diagnostics.
[component_container_mt-1] [WARN] [1728266722.563347007] [sensing.lidar.concatenate_data]: transformed_raw_points[/sensing/lidar/top/pointcloud_before_sync] is nullptr, skipping pointcloud publish.
[component_container_mt-1] [pcl::KdTreeFLANN::setInputCloud] Cannot create a KDTree with an empty input cloud!
[obstacle_pointcloud_based_validator_node-50] [WARN] [1728266722.622666383] [perception.object_recognition.detection.obstacle_pointcloud_based_validator_node]: obstacle pointcloud is empty! Can not validate objects.
[component_container_mt-1] [WARN] [1728266722.622687287] [perception.object_recognition.detection.clustering.euclidean_cluster]: Empty sensor points!
[component_container_mt-1] [pcl::KdTreeFLANN::setInputCloud] Cannot create a KDTree with an empty input cloud!
[component_container_mt-1] [INFO] [1728266722.664287944] [perception.object_recognition.detection.voxel_based_compare_map_filter]: Waiting for response...
[component_container_mt-1] 
[component_container_mt-1] [WARN] [1728266723.070859485] [sensing.lidar.concatenate_data]: transformed_raw_points[/sensing/lidar/top/pointcloud_before_sync] is nullptr, skipping pointcloud publish.
[component_container_mt-1] [pcl::KdTreeFLANN::setInputCloud] Cannot create a KDTree with an empty input cloud!
[component_container_mt-1] [pcl::KdTreeFLANN::setInputCloud] Cannot create a KDTree with an empty input cloud!
[obstacle_pointcloud_based_validator_node-50] [WARN] [1728266723.126773799] [perception.object_recognition.detection.obstacle_pointcloud_based_validator_node]: obstacle pointcloud is empty! Can not validate objects.
[component_container_mt-75] [INFO] [1728266723.734161179] [control.trajectory_follower.controller_node_exe]: Waiting for steering data
[component_container_mt-75] [INFO] [1728266723.734402943] [control.trajectory_follower.controller_node_exe]: Control is skipped since input data is not ready.
[component_container_mt-75] [INFO] [1728266724.750914829] [control.autonomous_emergency_braking]: [AEB] waiting for ego velocity
[component_container_mt-69] [INFO] [1728266724.751575556] [planning.scenario_planning.lane_driving.behavior_planning.behavior_path_planner]: waiting for scenario_topic
[gyro_odometer_node-39] [WARN] [1728266725.770513941] [localization.twist_estimator.gyro_odometer]: Twist msg is not subscribed
[component_container_mt-1] [INFO] [1728266726.910524262] [perception.object_recognition.detection.voxel_based_compare_map_filter]: Waiting for response...
[component_container_mt-1] 
[gyro_odometer_node-39] [WARN] [1728266730.896132820] [localization.twist_estimator.gyro_odometer]: Twist msg is not subscribed
[component_container_mt-1] [INFO] [1728266731.205514776] [perception.object_recognition.detection.voxel_based_compare_map_filter]: Waiting for response...
[component_container_mt-1] 
[component_container_mt-75] [INFO] [1728266733.744180650] [control.trajectory_follower.lane_departure_checker_node]: waiting for route msg...
[autoware_scenario_selector_node-66] [INFO] [1728266733.746716570] [planning.scenario_planning.scenario_selector]: Waiting for route.
[gyro_odometer_node-39] [WARN] [1728266735.949397163] [localization.twist_estimator.gyro_odometer]: Twist msg is not subscribed
[component_container_mt-1] [INFO] [1728266736.078599851] [perception.object_recognition.detection.voxel_based_compare_map_filter]: Waiting for response...
[component_container_mt-1] 
[topic_state_monitor_node-13] [INFO] [1728266736.737095589] [system.topic_state_monitor_mission_planning_route]: /planning/mission_planning/route has not received. Set ERROR in diagnostics.
[topic_state_monitor_node-18] [INFO] [1728266736.737748705] [system.topic_state_monitor_vehicle_status_steering_status]: /vehicle/status/steering_status has not received. Set ERROR in diagnostics.
[topic_state_monitor_node-16] [INFO] [1728266736.737913972] [system.topic_state_monitor_control_command_control_cmd]: /control/command/control_cmd has not received. Set ERROR in diagnostics.
[topic_state_monitor_node-14] [INFO] [1728266736.738439240] [system.topic_state_monitor_scenario_planning_trajectory]: /planning/scenario_planning/trajectory has not received. Set ERROR in diagnostics.
[topic_state_monitor_node-12] [INFO] [1728266736.739115813] [system.topic_state_monitor_traffic_light_recognition_traffic_signals]: /perception/traffic_light_recognition/traffic_signals has not received. Set ERROR in diagnostics.
[topic_state_monitor_node-17] [INFO] [1728266736.740664548] [system.topic_state_monitor_vehicle_status_velocity_status]: /vehicle/status/velocity_status has not received. Set ERROR in diagnostics.
[topic_state_monitor_node-15] [INFO] [1728266736.741535772] [system.topic_state_monitor_trajectory_follower_control_cmd]: /control/trajectory_follower/control_cmd has not received. Set ERROR in diagnostics.
[component_container_mt-1] [INFO] [1728266739.801186247] [perception.object_recognition.detection.voxel_based_compare_map_filter]: Waiting for response...
[component_container_mt-1] 
[gyro_odometer_node-39] [WARN] [1728266741.056519438] [localization.twist_estimator.gyro_odometer]: Twist msg is not subscribed
[component_container_mt-1] [INFO] [1728266743.694920103] [perception.object_recognition.detection.voxel_based_compare_map_filter]: Waiting for response...
[component_container_mt-1] 
[gyro_odometer_node-39] [WARN] [1728266746.082303430] [localization.twist_estimator.gyro_odometer]: Twist msg is not subscribed
[WARNING] [launch]: user interrupted with ctrl-c (SIGINT)
[rviz2-82] [INFO] [1728266819.680705593] [rclcpp]: signal_handler(signum=2)
[INFO] [topic_state_monitor_node-19]: process has finished cleanly [pid 15146]
[INFO] [topic_state_monitor_node-20]: process has finished cleanly [pid 15148]
[INFO] [goal_pose_visualizer-65]: process has finished cleanly [pid 15850]
[INFO] [external_velocity_limit_selector-67]: process has finished cleanly [pid 15876]
[INFO] [topic_state_monitor_node-14]: process has finished cleanly [pid 15136]
[INFO] [component_container-31]: process has finished cleanly [pid 15176]
[INFO] [topic_state_monitor_node-13]: process has finished cleanly [pid 15134]
[INFO] [twist2accel_node-44]: process has finished cleanly [pid 15528]
[INFO] [topic_state_monitor_node-16]: process has finished cleanly [pid 15140]
[INFO] [object_lanelet_filter_node-53]: process has finished cleanly [pid 15689]
[INFO] [topic_state_monitor_node-12]: process has finished cleanly [pid 15132]
[INFO] [object_association_merger_node-52]: process has finished cleanly [pid 15666]
[INFO] [multi_object_tracker_node-54]: process has finished cleanly [pid 15693]
[INFO] [duplicated_node_checker_node-3]: process has finished cleanly [pid 15114]
[INFO] [ekf_localizer_node-42]: process has finished cleanly [pid 15449]
[INFO] [service_log_checker_node-4]: process has finished cleanly [pid 15116]
[INFO] [component_container_mt-64]: process has finished cleanly [pid 15848]
[INFO] [component_container-21]: process has finished cleanly [pid 15150]
[INFO] [topic_state_monitor_node-7]: process has finished cleanly [pid 15122]
[INFO] [topic_state_monitor_node-18]: process has finished cleanly [pid 15144]
[INFO] [component_container-32]: process has finished cleanly [pid 15239]
[INFO] [pose_initializer_node-40]: process has finished cleanly [pid 15414]
[INFO] [vehicle_velocity_converter_node-37]: process has finished cleanly [pid 15324]
[INFO] [converter-25]: process has finished cleanly [pid 15158]
[INFO] [component_container_mt-27]: process has finished cleanly [pid 15162]
[INFO] [detection_by_tracker-49]: process has finished cleanly [pid 15600]
[INFO] [component_container_mt-70]: process has finished cleanly [pid 15924]
[INFO] [map_based_prediction-55]: process has finished cleanly [pid 15703]
[INFO] [component_container_mt-71]: process has finished cleanly [pid 15946]
[INFO] [component_container_mt-30]: process has finished cleanly [pid 15169]
[INFO] [topic_state_monitor_node-9]: process has finished cleanly [pid 15126]
[INFO] [component_container_mt-1]: process has finished cleanly [pid 15110]
[INFO] [autoware_scenario_selector_node-66]: process has finished cleanly [pid 15855]
[INFO] [component_container-22]: process has finished cleanly [pid 15152]
[INFO] [component_container-61]: process has finished cleanly [pid 15810]
[INFO] [component_container_mt-81]: process has finished cleanly [pid 16159]
[INFO] [autoware_remaining_distance_time_calculator_node-74]: process has finished cleanly [pid 16006]
[INFO] [crosswalk_traffic_light_estimator_node-62]: process has finished cleanly [pid 15812]
[INFO] [object_association_merger_node-51]: process has finished cleanly [pid 15657]
[INFO] [traffic_light_map_based_detector_node-57]: process has finished cleanly [pid 15710]
[INFO] [imu_corrector_node-34]: process has finished cleanly [pid 15263]
[INFO] [web_server.py-78]: process has finished cleanly [pid 16064]
[INFO] [gnss_poser-36]: process has finished cleanly [pid 15317]
[INFO] [relay-56]: process has finished cleanly [pid 15707]
[INFO] [ndt_scan_matcher_node-38]: process has finished cleanly [pid 15354]
[INFO] [component_container-68]: process has finished cleanly [pid 15889]
[INFO] [component_container-5]: process has finished cleanly [pid 15118]
[INFO] [component_container_mt-76]: process has finished cleanly [pid 16023]
[INFO] [pose_instability_detector_node-45]: process has finished cleanly [pid 15540]
[INFO] [routing_adaptor_node-80]: process has finished cleanly [pid 16121]
[INFO] [topic_state_monitor_node-6]: process has finished cleanly [pid 15120]
[INFO] [detected_object_feature_remover-48]: process has finished cleanly [pid 15589]
[INFO] [robot_state_publisher-2]: process has finished cleanly [pid 15112]
[INFO] [topic_state_monitor_node-17]: process has finished cleanly [pid 15142]
[INFO] [component_container-33]: process has finished cleanly [pid 15243]
[INFO] [automatic_pose_initializer_node-41]: process has finished cleanly [pid 15427]
[INFO] [topic_state_monitor_node-11]: process has finished cleanly [pid 15130]
[INFO] [aggregator_node-23]: process has finished cleanly [pid 15154]
[INFO] [traffic_light_multi_camera_fusion_node-60]: process has finished cleanly [pid 15786]
[INFO] [gyro_odometer_node-39]: process has finished cleanly [pid 15391]
[INFO] [gyro_bias_estimator_node-35]: process has finished cleanly [pid 15304]
[INFO] [map_hash_generator-28]: process has finished cleanly [pid 15164]
[INFO] [map_projection_loader_node-29]: process has finished cleanly [pid 15166]
[INFO] [stop_filter_node-43]: process has finished cleanly [pid 15472]
[INFO] [topic_state_monitor_node-15]: process has finished cleanly [pid 15138]
[INFO] [topic_state_monitor_node-10]: process has finished cleanly [pid 15128]
[INFO] [planning_evaluator-73]: process has finished cleanly [pid 15984]
[INFO] [mrm_handler_node-26]: process has finished cleanly [pid 15160]
[INFO] [initial_pose_adaptor_node-79]: process has finished cleanly [pid 16104]
[INFO] [component_state_diagnostics-24]: process has finished cleanly [pid 15156]
[ERROR] [rviz2-82]: process has died [pid 16166, exit code -6, cmd '/opt/ros/humble/lib/rviz2/rviz2 -d /home/veqcc/work/autoware_tmp-agnocast/install/autoware_launch/share/autoware_launch/rviz/autoware.rviz -s /home/veqcc/work/autoware_tmp-agnocast/install/autoware_launch/share/autoware_launch/rviz/image/autoware.png --ros-args -r __node:=rviz2 -p use_sim_time:=True -p wheel_radius:=0.383 -p wheel_width:=0.235 -p wheel_base:=2.79 -p wheel_tread:=1.64 -p front_overhang:=1.0 -p rear_overhang:=1.1 -p left_overhang:=0.128 -p right_overhang:=0.128 -p vehicle_height:=2.5 -p max_steer_angle:=0.7'].
[INFO] [topic_state_monitor_node-8]: process has finished cleanly [pid 15124]
[INFO] [planning_validator_node-72]: process has finished cleanly [pid 15949]
[INFO] [traffic_light_map_visualizer_node-63]: process has finished cleanly [pid 15815]
[INFO] [shape_estimation-47]: process has finished cleanly [pid 15583]
[INFO] [traffic_light_occlusion_predictor_node-59]: process has finished cleanly [pid 15783]
[INFO] [obstacle_pointcloud_based_validator_node-50]: process has finished cleanly [pid 15634]
[INFO] [localization_error_monitor_node-46]: process has finished cleanly [pid 15580]
[component_container_mt-69] [INFO] [1728266819.680727537] [rclcpp]: signal_handler(signum=2)
[autoware_scenario_selector_node-66] [INFO] [1728266819.680737981] [rclcpp]: signal_handler(signum=2)
[component_container_mt-76] [INFO] [1728266819.680719140] [rclcpp]: signal_handler(signum=2)
[component_container_mt-75] [INFO] [1728266819.680716080] [rclcpp]: signal_handler(signum=2)
[component_container_mt-77] [INFO] [1728266819.680716994] [rclcpp]: signal_handler(signum=2)
[initial_pose_adaptor_node-79] [INFO] [1728266819.680716322] [rclcpp]: signal_handler(signum=2)
[routing_adaptor_node-80] [INFO] [1728266819.680718700] [rclcpp]: signal_handler(signum=2)
[component_container-68] [INFO] [1728266819.680758505] [rclcpp]: signal_handler(signum=2)
[external_velocity_limit_selector-67] [INFO] [1728266819.680751128] [rclcpp]: signal_handler(signum=2)
[component_container_mt-64] [INFO] [1728266819.680778495] [rclcpp]: signal_handler(signum=2)
[planning_evaluator-73] [INFO] [1728266819.680746257] [rclcpp]: signal_handler(signum=2)
[autoware_remaining_distance_time_calculator_node-74] [INFO] [1728266819.680740533] [rclcpp]: signal_handler(signum=2)
[goal_pose_visualizer-65] [INFO] [1728266819.680771162] [rclcpp]: signal_handler(signum=2)
[component_container_mt-81] [INFO] [1728266819.680770258] [rclcpp]: signal_handler(signum=2)
[planning_validator_node-72] [INFO] [1728266819.680770323] [rclcpp]: signal_handler(signum=2)
[component_container_mt-71] [INFO] [1728266819.680804236] [rclcpp]: signal_handler(signum=2)
[component_container_mt-70] [INFO] [1728266819.680822390] [rclcpp]: signal_handler(signum=2)
[component_container-61] [INFO] [1728266819.680870695] [rclcpp]: signal_handler(signum=2)
[component_container_mt-58] [INFO] [1728266819.680890684] [rclcpp]: signal_handler(signum=2)
[shape_estimation-47] [INFO] [1728266819.680955665] [rclcpp]: signal_handler(signum=2)
[obstacle_pointcloud_based_validator_node-50] [INFO] [1728266819.680968132] [rclcpp]: signal_handler(signum=2)
[multi_object_tracker_node-54] [INFO] [1728266819.680996697] [rclcpp]: signal_handler(signum=2)
[gyro_odometer_node-39] [INFO] [1728266819.681003476] [rclcpp]: signal_handler(signum=2)
[automatic_pose_initializer_node-41] [INFO] [1728266819.681106319] [rclcpp]: signal_handler(signum=2)
[map_projection_loader_node-29] [INFO] [1728266819.681109939] [rclcpp]: signal_handler(signum=2)
[topic_state_monitor_node-14] [INFO] [1728266819.681242900] [rclcpp]: signal_handler(signum=2)
[robot_state_publisher-2] [INFO] [1728266819.681300344] [rclcpp]: signal_handler(signum=2)
[vehicle_velocity_converter_node-37] [INFO] [1728266819.681291624] [rclcpp]: signal_handler(signum=2)
[detection_by_tracker-49] [INFO] [1728266819.681315453] [rclcpp]: signal_handler(signum=2)
[topic_state_monitor_node-20] [INFO] [1728266819.681410142] [rclcpp]: signal_handler(signum=2)
[component_container_mt-27] [INFO] [1728266819.681451383] [rclcpp]: signal_handler(signum=2)
[relay-56] [INFO] [1728266819.681540690] [rclcpp]: signal_handler(signum=2)
[crosswalk_traffic_light_estimator_node-62] [INFO] [1728266819.681615183] [rclcpp]: signal_handler(signum=2)
[duplicated_node_checker_node-3] [INFO] [1728266819.681692715] [rclcpp]: signal_handler(signum=2)
[gyro_bias_estimator_node-35] [INFO] [1728266819.681785735] [rclcpp]: signal_handler(signum=2)
[traffic_light_multi_camera_fusion_node-60] [INFO] [1728266819.681868693] [rclcpp]: signal_handler(signum=2)
[imu_corrector_node-34] [INFO] [1728266819.682016235] [rclcpp]: signal_handler(signum=2)
